pages_build outcome: failure
[33mConfiguration file: none[0m
To use retry middleware with Faraday v2.0+, install `faraday-retry` gem
[31m  Liquid Exception: Liquid syntax error (line 50): Variable '{{' was not properly terminated with regexp: /\}\}/ in ARCHITECTURE.md[0m
/usr/local/bundle/gems/liquid-4.0.4/lib/liquid/block_body.rb:136:in `raise_missing_variable_terminator': Liquid syntax error (line 50): Variable '{{' was not properly terminated with regexp: /\}\}/ (Liquid::SyntaxError)
	from /usr/local/bundle/gems/liquid-4.0.4/lib/liquid/block_body.rb:128:in `create_variable'
	from /usr/local/bundle/gems/liquid-4.0.4/lib/liquid/block_body.rb:39:in `parse'
	from /usr/local/bundle/gems/liquid-4.0.4/lib/liquid/document.rb:10:in `parse'
	from /usr/local/bundle/gems/liquid-4.0.4/lib/liquid/document.rb:5:in `parse'
	from /usr/local/bundle/gems/liquid-4.0.4/lib/liquid/template.rb:130:in `parse'
	from /usr/local/bundle/gems/liquid-4.0.4/lib/liquid/template.rb:114:in `parse'
	from /usr/local/bundle/gems/jekyll-3.10.0/lib/jekyll/liquid_renderer/file.rb:13:in `block in parse'
	from /usr/local/bundle/gems/jekyll-3.10.0/lib/jekyll/liquid_renderer/file.rb:49:in `measure_time'
	from /usr/local/bundle/gems/jekyll-3.10.0/lib/jekyll/liquid_renderer/file.rb:12:in `parse'
	from /usr/local/bundle/gems/jekyll-3.10.0/lib/jekyll/renderer.rb:121:in `render_liquid'
	from /usr/local/bundle/gems/jekyll-3.10.0/lib/jekyll/renderer.rb:79:in `render_document'
	from /usr/local/bundle/gems/jekyll-3.10.0/lib/jekyll/renderer.rb:62:in `run'
	from /usr/local/bundle/gems/jekyll-3.10.0/lib/jekyll/site.rb:479:in `render_regenerated'
	from /usr/local/bundle/gems/jekyll-3.10.0/lib/jekyll/site.rb:472:in `block in render_pages'
	from /usr/local/bundle/gems/jekyll-3.10.0/lib/jekyll/site.rb:471:in `each'
	from /usr/local/bundle/gems/jekyll-3.10.0/lib/jekyll/site.rb:471:in `render_pages'
	from /usr/local/bundle/gems/jekyll-3.10.0/lib/jekyll/site.rb:192:in `render'
	from /usr/local/bundle/gems/jekyll-3.10.0/lib/jekyll/site.rb:71:in `process'
	from /usr/local/bundle/gems/jekyll-3.10.0/lib/jekyll/command.rb:28:in `process_site'
	from /usr/local/bundle/gems/jekyll-3.10.0/lib/jekyll/commands/build.rb:65:in `build'
	from /usr/local/bundle/gems/jekyll-3.10.0/lib/jekyll/commands/build.rb:36:in `process'
	from /usr/local/bundle/gems/github-pages-232/bin/github-pages:70:in `block (3 levels) in <top (required)>'
	from /usr/local/bundle/gems/mercenary-0.3.6/lib/mercenary/command.rb:220:in `block in execute'
	from /usr/local/bundle/gems/mercenary-0.3.6/lib/mercenary/command.rb:220:in `each'
	from /usr/local/bundle/gems/mercenary-0.3.6/lib/mercenary/command.rb:220:in `execute'
	from /usr/local/bundle/gems/mercenary-0.3.6/lib/mercenary/program.rb:42:in `go'
	from /usr/local/bundle/gems/mercenary-0.3.6/lib/mercenary.rb:19:in `program'
	from /usr/local/bundle/gems/github-pages-232/bin/github-pages:6:in `<top (required)>'
	from /usr/local/bundle/bin/github-pages:25:in `load'
	from /usr/local/bundle/bin/github-pages:25:in `<main>'
::error:: Logging at level: debug GitHub Pages: github-pages v232 GitHub Pages: jekyll v3.10.0 Theme: jekyll-theme-primer Theme source: /usr/local/bundle/gems/jekyll-theme-primer-0.6.0 Requiring: jekyll-github-metadata Requiring: jekyll-seo-tag Requiring: jekyll-coffeescript Requiring: jekyll-commonmark-ghpages Requiring: jekyll-gist Requiring: jekyll-github-metadata Requiring: jekyll-paginate Requiring: jekyll-relative-links Requiring: jekyll-optional-front-matter Requiring: jekyll-readme-index Requiring: jekyll-default-layout Requiring: jekyll-titles-from-headings GitHub Metadata: Initializing... Source: /github/workspace/./ Destination: /github/workspace/./_site_c Incremental build: disabled. Enable with --incremental Generating... Generating: JekyllOptionalFrontMatter::Generator finished in 0.00024023 seconds. Generating: JekyllReadmeIndex::Generator finished in 0.002166472 seconds. Generating: Jekyll::Paginate::Pagination finished in 4.108e-06 seconds. Generating: JekyllRelativeLinks::Generator finished in 7.7676e-05 seconds. Generating: JekyllDefaultLayout::Generator finished in 0.000139732 seconds. Requiring: kramdown-parser-gfm Generating: JekyllTitlesFromHeadings::Generator finished in 0.008276146 seconds. Rendering: badinh.html Pre-Render Hooks: badinh.html Rendering Liquid: badinh.html Rendering Markup: badinh.html Rendering Layout: badinh.html Rendering: banggia.html Pre-Render Hooks: banggia.html Rendering Liquid: banggia.html Rendering Markup: banggia.html Rendering Layout: banggia.html Rendering: caugiay.html Pre-Render Hooks: caugiay.html Rendering Liquid: caugiay.html Rendering Markup: caugiay.html Rendering Layout: caugiay.html Rendering: chinhsach.html Pre-Render Hooks: chinhsach.html Rendering Liquid: chinhsach.html Rendering Markup: chinhsach.html Rendering Layout: chinhsach.html Rendering: dieukhoan.html Pre-Render Hooks: dieukhoan.html Rendering Liquid: dieukhoan.html Rendering Markup: dieukhoan.html Rendering Layout: dieukhoan.html Rendering: dongda.html Pre-Render Hooks: dongda.html Rendering Liquid: dongda.html Rendering Markup: dongda.html Rendering Layout: dongda.html Rendering: faq.html Pre-Render Hooks: faq.html Rendering Liquid: faq.html Rendering Markup: faq.html Rendering Layout: faq.html Rendering: gahn.html Pre-Render Hooks: gahn.html Rendering Liquid: gahn.html Rendering Markup: gahn.html Rendering Layout: gahn.html Rendering: gioithieu.html Pre-Render Hooks: gioithieu.html Rendering Liquid: gioithieu.html Rendering Markup: gioithieu.html Rendering Layout: gioithieu.html Rendering: haibatrung.html Pre-Render Hooks: haibatrung.html Rendering Liquid: haibatrung.html Rendering Markup: haibatrung.html Rendering Layout: haibatrung.html Rendering: hoankiem.html Pre-Render Hooks: hoankiem.html Rendering Liquid: hoankiem.html Rendering Markup: hoankiem.html Rendering Layout: hoankiem.html Rendering: index.html Pre-Render Hooks: index.html Rendering Liquid: index.html Rendering Markup: index.html Rendering Layout: index.html Rendering: kinhnghiem.html Pre-Render Hooks: kinhnghiem.html Rendering Liquid: kinhnghiem.html Rendering Markup: kinhnghiem.html Rendering Layout: kinhnghiem.html Rendering: lienhe.html Pre-Render Hooks: lienhe.html Rendering Markup: lienhe.html Rendering Layout: lienhe.html Rendering: longbien.html Pre-Render Hooks: longbien.html Rendering Liquid: longbien.html Rendering Markup: longbien.html Rendering Layout: longbien.html Rendering: mangxahoi.html Pre-Render Hooks: mangxahoi.html Rendering Markup: mangxahoi.html Rendering Layout: mangxahoi.html Rendering: ngay.html Pre-Render Hooks: ngay.html Rendering Liquid: ngay.html Rendering Markup: ngay.html Rendering Layout: ngay.html Rendering: nhap.html Pre-Render Hooks: nhap.html Rendering Liquid: nhap.html Rendering Markup: nhap.html Rendering Layout: nhap.html Rendering: phoco.html Pre-Render Hooks: phoco.html Rendering Liquid: phoco.html Rendering Markup: phoco.html Rendering Layout: phoco.html Rendering: tayho.html Pre-Render Hooks: tayho.html Rendering Liquid: tayho.html Rendering Markup: tayho.html Rendering Layout: tayho.html Rendering: thang.html Pre-Render Hooks: thang.html Rendering Liquid: thang.html Rendering Markup: thang.html Rendering Layout: thang.html Rendering: thanhxuan.html Pre-Render Hooks: thanhxuan.html Rendering Liquid: thanhxuan.html Rendering Markup: thanhxuan.html Rendering Layout: thanhxuan.html Rendering: thutuc.html Pre-Render Hooks: thutuc.html Rendering Liquid: thutuc.html Rendering Markup: thutuc.html Rendering Layout: thutuc.html Rendering: tuan.html Pre-Render Hooks: tuan.html Rendering Liquid: tuan.html Rendering Markup: tuan.html Rendering Layout: tuan.html Rendering: uudai.html Pre-Render Hooks: uudai.html Rendering Liquid: uudai.html Rendering Markup: uudai.html Rendering Layout: uudai.html Rendering: assets/css/style.scss Pre-Render Hooks: assets/css/style.scss Rendering Markup: assets/css/style.scss Rendering: ARCHITECTURE.md Pre-Render Hooks: ARCHITECTURE.md Rendering Liquid: ARCHITECTURE.md github-pages 232 | Error: Liquid syntax error (line 50): Variable '{{' was not properly terminated with regexp: /\}\}/ 
docker exit=1
